exports[`iOS/Obj-C creates a Template.h 1`] = `
"//  Created by react-native-create-bridge

// import RCTBridgeModule
#if __has_include(<React/RCTBridgeModule.h>)
#import <React/RCTBridgeModule.h>
#elif __has_include(“RCTBridgeModule.h”)
#import “RCTBridgeModule.h”
#else
#import “React/RCTBridgeModule.h” // Required when used as a Pod in a Swift project
#endif

@interface TestModule : NSObject <RCTBridgeModule>
  // Define class properties here with @property
@end
"
`;

exports[`iOS/Obj-C creates a TemplateManager.m 1`] = `
"//  Created by react-native-create-bridge

#import \"TestModule.h\"

// import RCTBridge
#if __has_include(<React/RCTBridge.h>)
#import <React/RCTBridge.h>
#elif __has_include(“RCTBridge.h”)
#import “RCTBridge.h”
#else
#import “React/RCTBridge.h” // Required when used as a Pod in a Swift project
#endif

// import RCTEventDispatcher
#if __has_include(<React/RCTEventDispatcher.h>)
#import <React/RCTEventDispatcher.h>
#elif __has_include(“RCTEventDispatcher.h”)
#import “RCTEventDispatcher.h”
#else
#import “React/RCTEventDispatcher.h” // Required when used as a Pod in a Swift project
#endif

@implementation TestModule
@synthesize bridge = _bridge;

// Export a native module
// https://facebook.github.io/react-native/docs/native-modules-ios.html
RCT_EXPORT_MODULE();

- (NSDictionary *)constantsToExport
{
  return @{
           @\"EXAMPLE\": @\"example\"
         };
}

// Return the native view that represents your React component
- (UIView *)view
{
  return [[UIView alloc] init];
}

// Export methods to a native module
// https://facebook.github.io/react-native/docs/native-modules-ios.html
RCT_EXPORT_METHOD(exampleMethod)
{
  [self.emitMessageToRN:@\"EXAMPLE_EVENT\" :nil]
}

#pragma mark - Private methods

// Implement methods that you want to export to the native module
- (void) emitMessageToRN: (NSString *)eventName :(NSDictionary *)params {
  // The bridge eventDispatcher is used to send events from native to JS env
  // No documentation yet on DeviceEventEmitter: https://github.com/facebook/react-native/issues/2819
  [self.bridge.eventDispatcher sendAppEventWithName: eventName body: params];
}

@end
"
`;
